Retrieve cluster kubeconfig and save it to file or stdout.

Usage:
  kubeconfig [cluster_name] [flags]

Examples:
# Retrieve target cluster kubeconfig and print it to stdout
airshipctl cluster kubeconfig target-cluster


Flags:
  -f, --file string        local file to save kubeconfig data to, otherwise print to stdout
  -h, --help               help for kubeconfig
  -n, --namespace string   namespace where cluster is located, if not specified default one will be used (default "default")
